[33mThe CJS build of Vite's Node API is deprecated. See https://vite.dev/guide/troubleshooting.html#vite-cjs-node-api-deprecated for more details.[39m

[7m[1m[36m RUN [39m[22m[27m [36mv1.6.1[39m [90mc:/Users/Luka/quest1-piggbank[39m


[31m⎯⎯⎯⎯⎯⎯[1m[7m Failed Suites 1 [27m[22m⎯⎯⎯⎯⎯⎯⎯[39m

[31m[1m[7m FAIL [27m[22m[39m src/components/dashboard/NewTransactionModal.test.tsx [2m[ src/components/dashboard/NewTransactionModal.test.tsx ][22m
[31m[1mTypeError[22m: Cannot read properties of undefined (reading 'on')[39m
[90m [2m❯[22m src/components/dashboard/NewTransactionModal.test.tsx:[2m4:1[22m[39m

[31m[2m⎯⎯⎯⎯⎯⎯⎯⎯⎯⎯⎯⎯⎯⎯⎯⎯⎯⎯⎯⎯⎯⎯⎯⎯[1/1]⎯[22m[39m

[2m Test Files [22m [1m[31m1 failed[39m[22m[90m (1)[39m
[2m      Tests [22m [2mno tests[22m
[2m   Start at [22m 00:07:12
[2m   Duration [22m 23.48s[2m (transform 503ms, setup 0ms, collect 0ms, tests 0ms, environment 6.20s, prepare 540ms)[22m

